Baileys WhatsApp library is available.
==================================================
🚀 Al-Ghaith Gold Bot Server is running on port 3000
📂 Web Dashboard available at http://localhost:3000
==================================================
